10:06:06  INFO    split mh2023_v1: 814 test parcels, 1026 excluded from training
10:06:07  INFO    ── features [bbox] ──
10:06:21  INFO    extractor: tier2_v1  |  tier-0 features: 45
10:06:21  INFO      ML_FEATURE_SCENES=15  ML_FEATURE_INDICES=['NDVI_mean', 'EVI_mean', 'NDMI_mean']
10:06:22  INFO    cycles to featurise: 10634
10:06:42  INFO      500/10634  built=500 skipped=0
10:07:02  INFO      1000/10634  built=1000 skipped=0
10:07:20  INFO      1500/10634  built=1500 skipped=0
10:07:39  INFO      2000/10634  built=2000 skipped=0
10:07:58  INFO      2500/10634  built=2500 skipped=0
10:08:17  INFO      3000/10634  built=3000 skipped=0
10:08:36  INFO      3500/10634  built=3500 skipped=0
10:08:56  INFO      4000/10634  built=4000 skipped=0
10:09:12  INFO      4500/10634  built=4500 skipped=0
10:09:29  INFO      5000/10634  built=5000 skipped=0
10:09:50  INFO      5500/10634  built=5500 skipped=0
10:10:12  INFO      6000/10634  built=6000 skipped=0
10:10:36  INFO      6500/10634  built=6500 skipped=0
10:11:17  INFO      7000/10634  built=7000 skipped=0
10:11:55  INFO      7500/10634  built=7500 skipped=0
10:12:15  INFO      8000/10634  built=8000 skipped=0
10:12:37  INFO      8500/10634  built=8500 skipped=0
10:13:05  INFO      9000/10634  built=9000 skipped=0
10:13:33  INFO      9500/10634  built=9500 skipped=0
10:13:58  INFO      10000/10634  built=10000 skipped=0
10:14:18  INFO      10500/10634  built=10500 skipped=0
10:14:24  INFO      10634/10634  built=10634 skipped=0
10:14:26  INFO    
10:14:26  INFO    ====================================================================
10:14:26  INFO    wrote Users\gopik\Downloads\agri_credit_pipeline\Crop_classification_model\data\03_features_tier0_mh.parquet  (10634 rows, 45 features)
10:14:26  INFO    wrote Users\gopik\Downloads\agri_credit_pipeline\Crop_classification_model\data\03_features_tier1_mh.parquet  (10634 rows, 147 features)
10:14:26  INFO      skipped: 0
10:14:26  INFO    
10:14:26  INFO    class balance after attribution:
10:14:26  INFO      Bajra         473
10:14:26  INFO      Banana        451
10:14:26  INFO      Chilli        430
10:14:26  INFO      Cotton       2084
10:14:26  INFO      Gram          496
10:14:26  INFO      Grapes        468
10:14:26  INFO      Groundnut     343
10:14:26  INFO      Jowar         466
10:14:26  INFO      Maize         611
10:14:26  INFO      Mustard       500
10:14:26  INFO      Onion         559
10:14:26  INFO      Potato        530
10:14:26  INFO      Rice          530
10:14:26  INFO      Soyabean      799
10:14:26  INFO      Sugarcane     421
10:14:26  INFO      Tobacco       406
10:14:26  INFO      Tur           428
10:14:26  INFO      Wheat         639
10:14:26  INFO      imbalance ratio max/min: 6.08
10:14:26  INFO      blocks: 296  |  ecoregions: 6
10:14:26  INFO    ====================================================================
10:14:26  INFO    ── features [poly] ──
10:14:26  INFO    extractor: tier2_v1  |  tier-0 features: 45
10:14:26  INFO      ML_FEATURE_SCENES=15  ML_FEATURE_INDICES=['NDVI_mean', 'EVI_mean', 'NDMI_mean']
10:14:28  INFO    cycles to featurise: 3626
10:14:54  INFO      500/3626  built=500 skipped=0
10:15:18  INFO      1000/3626  built=1000 skipped=0
10:15:42  INFO      1500/3626  built=1500 skipped=0
10:16:06  INFO      2000/3626  built=2000 skipped=0
10:16:27  INFO      2500/3626  built=2500 skipped=0
10:16:56  INFO      3000/3626  built=3000 skipped=0
10:17:22  INFO      3500/3626  built=3500 skipped=0
10:17:30  INFO      3626/3626  built=3626 skipped=0
10:17:30  INFO    
10:17:30  INFO    ====================================================================
10:17:30  INFO    wrote Users\gopik\Downloads\agri_credit_pipeline\Crop_classification_model\data\03_features_tier0_mh_poly.parquet  (3626 rows, 45 features)
10:17:30  INFO    wrote Users\gopik\Downloads\agri_credit_pipeline\Crop_classification_model\data\03_features_tier1_mh_poly.parquet  (3626 rows, 147 features)
10:17:30  INFO      skipped: 0
10:17:30  INFO    
10:17:30  INFO    class balance after attribution:
10:17:31  INFO      Bajra         110
10:17:31  INFO      Banana        102
10:17:31  INFO      Chilli        107
10:17:31  INFO      Cotton       1322
10:17:31  INFO      Gram          121
10:17:31  INFO      Grapes        120
10:17:31  INFO      Groundnut      94
10:17:31  INFO      Jowar         101
10:17:31  INFO      Maize         139
10:17:31  INFO      Mustard       131
10:17:31  INFO      Onion         132
10:17:31  INFO      Potato        110
10:17:31  INFO      Rice          116
10:17:31  INFO      Soyabean      469
10:17:31  INFO      Sugarcane     109
10:17:31  INFO      Tobacco       113
10:17:31  INFO      Tur           109
10:17:31  INFO      Wheat         121
10:17:31  INFO      imbalance ratio max/min: 14.06
10:17:31  INFO      blocks: 225  |  ecoregions: 5
10:17:31  INFO    ====================================================================
10:17:32  INFO    phenology flags: {'Cotton': {'n': 2084, 'flagged': 375, 'by_reason': {'short_cycle': 315, 'peak_outside': 65, 'duration_outside': 0}}, 'Soyabean': {'n': 799, 'flagged': 589, 'by_reason': {'short_cycle': 0, 'peak_outside': 16, 'duration_outside': 584}}, 'new_only': {'Cotton': {'n': 1185, 'flagged': 216}, 'Soyabean': {'n': 453, 'flagged': 349}}}
10:17:32  INFO    training rows: 9859 (18 classes); test rows with a bbox cycle: 723 of 814
10:17:36  INFO    augmentation builder parity vs src.features (max |diff|): 0
10:25:46  INFO    augmented rows: 9767 in 8.2 min
10:25:46  INFO    ── blocked GroupKFold(5), MH recipe (capped weights, QA, aug=1) ──
10:27:13  INFO        fold 1: fit=5911 (+aug rows 5850) cal=1976 test=1972 T=1.120
10:29:14  INFO        fold 2: fit=6505 (+aug rows 6461) cal=1382 test=1972 T=0.815
10:30:37  INFO        fold 3: fit=6191 (+aug rows 6132) cal=1696 test=1972 T=0.965
10:32:03  INFO        fold 4: fit=6538 (+aug rows 6474) cal=1349 test=1972 T=1.265
10:33:26  INFO        fold 5: fit=6259 (+aug rows 6204) cal=1629 test=1971 T=1.105
10:33:26  INFO    ── blocked CV, MH recipe without augmentation (ablation) ──
10:34:45  INFO        fold 1: fit=5911 (+aug rows 0) cal=1976 test=1972 T=1.065
10:35:44  INFO        fold 2: fit=6505 (+aug rows 0) cal=1382 test=1972 T=0.805
10:36:38  INFO        fold 3: fit=6191 (+aug rows 0) cal=1696 test=1972 T=0.905
10:37:39  INFO        fold 4: fit=6538 (+aug rows 0) cal=1349 test=1972 T=1.220
10:38:32  INFO        fold 5: fit=6259 (+aug rows 0) cal=1629 test=1971 T=1.055
10:38:32  INFO    ── blocked CV, SHIPPED recipe (train._cv) on the same rows ──
10:43:32  INFO      mh_recipe                  bal_acc=0.6561 macro_f1=0.6403 ECE=0.0560
10:43:32  INFO      mh_recipe_no_aug           bal_acc=0.6410 macro_f1=0.6246 ECE=0.0619
10:43:32  INFO      shipped_recipe_same_rows   bal_acc=0.6464 macro_f1=0.6297 ECE=0.0579
10:43:33  INFO    label review list: {'threshold': 0.2, 'n': 2685, 'by_class': {'Gram': 461, 'Maize': 334, 'Tobacco': 318, 'Jowar': 248, 'Wheat': 183, 'Soyabean': 181, 'Cotton': 178, 'Tur': 129, 'Bajra': 121, 'Onion': 110, 'Sugarcane': 74, 'Banana': 69, 'Potato': 61, 'Chilli': 54, 'Rice': 53, 'Mustard': 50, 'Grapes': 32, 'Groundnut': 29}, 'new_by_class': {'Soyabean': 111, 'Cotton': 45}, 'new_soy_unchecked': 103, 'new_soy_checked': 8}
10:43:33  INFO    abstain rule (OOF): {'p_min': 0.25, 'gap_min': 0.1, 'n_scenes_min': 5} -> {'p_min': 0.25, 'gap_min': 0.1, 'n_scenes_min': 5, 'coverage': 0.8986, 'precision': 0.7258}
10:43:33  INFO    ── final fit ──
10:45:02  INFO      final: temperature 1.0350 from 1905 calibration rows in 58 blocks
10:46:40  INFO    wrote C:\Users\gopik\Downloads\agri_credit_pipeline\Crop_classification_model\models\crop_classifier_tier1_mh_v1.joblib (7.5 MB)
10:46:41  INFO    loader smoke OK: CropDetector loaded 18 classes, rule {'p_min': 0.25, 'gap_min': 0.1, 'n_scenes_min': 5}
10:46:42  INFO      test[bbox] new_mh_v1         n=723 ECE=0.0698 cov=0.943 | Cotton R=0.951 P=0.9588 | Soy R=0.741 P=0.9035 | Tur R=0.6596
10:46:42  INFO      test[bbox] shipped_tier1_v1  n=723 ECE=0.0842 cov=0.913 | Cotton R=0.5857 P=0.9863 | Soy R=0.8058 P=0.9492 | Tur R=0.9574
10:46:42  INFO      test[poly] new_mh_v1         n=636 ECE=0.0856 cov=0.964 | Cotton R=0.9554 P=0.9874 | Soy R=0.8083 P=0.9238 | Tur R=0.6522
10:46:42  INFO      test[poly] shipped_tier1_v1  n=636 ECE=0.1000 cov=0.896 | Cotton R=0.5862 P=0.9863 | Soy R=0.85 P=0.9273 | Tur R=0.913
10:48:16  INFO      truncation[bbox]  60 d: {'no_matching_cycle': 692, 'too_few_scenes': 25, 'ok': 6} (92.9s)
10:49:58  INFO      truncation[bbox]  90 d: {'no_matching_cycle': 536, 'too_few_scenes': 125, 'ok': 62} (102.1s)
10:52:55  INFO      truncation[bbox] 120 d: {'ok': 348, 'too_few_scenes': 238, 'no_matching_cycle': 137} (177.5s)
10:54:23  INFO      truncation[poly]  60 d: {'no_matching_cycle': 605, 'too_few_scenes': 28, 'ok': 3} (87.5s)
10:57:04  INFO      truncation[poly]  90 d: {'no_matching_cycle': 453, 'too_few_scenes': 123, 'ok': 60} (160.7s)
11:00:32  INFO      truncation[poly] 120 d: {'ok': 316, 'too_few_scenes': 195, 'no_matching_cycle': 125} (208.8s)
11:00:32  INFO    wrote C:\Users\gopik\Downloads\agri_credit_pipeline\Crop_classification_model\reports\mh_eval.json and C:\Users\gopik\Downloads\agri_credit_pipeline\Crop_classification_model\reports\mh_eval.md
